// Vitest Snapshot v1, https://vitest.dev/guide/snapshot.html

exports[`repro suite > inner case 1`] = `"hi"`;

exports[`top-level case 1`] = `"hi"`;
