// Jest Snapshot v1, https://goo.gl/fbAQLP

exports[`should fails > timeout.test.ts 1`] = `"Error: No tests found in suite empty.test.ts"`;

exports[`should fails > timeout.test.ts 2`] = `"Error: Test timed out in 10ms."`;

exports[`should fails > timeout.test.ts 3`] = `"AssertionError: expected 2 to deeply equal 3"`;

exports[`should fails > timeout.test.ts 4`] = `"AssertionError: expected true to equal false"`;
