// Vitest Snapshot v1, https://vitest.dev/guide/snapshot.html

exports[`concurrent suite > snapshot 1`] = `
Object {
  "foo": "bar",
}
`;
