// Vitest Snapshot v1, https://vitest.dev/guide/snapshot.html

exports[`file 1`] = `number`;

exports[`file 2`] = `(fractionDigits?: number | undefined) => string`;

exports[`mixed 2`] = `3`;

exports[`mixed 4`] = `number`;
