{
  "path": "<process-cwd>/fixtures/src/covered.custom-1",
  "all": false,
  "statementMap": {
    "0": {
      "start": {
        "line": 1,
        "column": 0
      },
      "end": {
        "line": 1,
        "column": 18
      }
    },
    "2": {
      "start": {
        "line": 3,
        "column": 0
      },
      "end": {
        "line": 3,
        "column": 20
      }
    },
    "4": {
      "start": {
        "line": 5,
        "column": 0
      },
      "end": {
        "line": 5,
        "column": 24
      }
    }
  },
  "s": {
    "0": 1,
    "2": 0,
    "4": 1
  },
  "branchMap": {},
  "b": {},
  "fnMap": {
    "0": {
      "name": "uncovered",
      "decl": {
        "start": {
          "line": 3,
          "column": 0
        },
        "end": {
          "line": 3,
          "column": 20
        }
      },
      "loc": {
        "start": {
          "line": 3,
          "column": 0
        },
        "end": {
          "line": 3,
          "column": 20
        }
      },
      "line": 3
    }
  },
  "f": {
    "0": 0
  }
}