// Vitest Snapshot v1, https://vitest.dev/guide/snapshot.html

exports[`file snapshot 1`] = `1`;
